// Jest Snapshot v1, https://goo.gl/fbAQLP

exports[`pruebas con AddCategory debe renderizar el componente correctamente 1`] = `
<form
  onSubmit={[Function]}
>
  <p />
  <input
    onChange={[Function]}
    placeholder="Add Category"
    type="text"
    value=""
  />
</form>
`;
